;
; badcache
;
; example.com/A [ttl 60]
; example.com/AAAA [ttl 60]
